// Jest Snapshot v1, https://goo.gl/fbAQLP

exports[`Text component Render the component 1`] = `
<div
  className="input"
>
  <fieldset>
    <input
      onChange={[Function]}
      type="text"
      value="Foo Bar"
    />
    <small>
      Foo
    </small>
  </fieldset>
</div>
`;
