// Jest Snapshot v1, https://goo.gl/fbAQLP

exports[`Button component Render the component 1`] = `
<button
  className="button undefined primary"
  onClick={[MockFunction]}
  type="button"
/>
`;
