// Jest Snapshot v1, https://goo.gl/fbAQLP

exports[`List component Render the component 1`] = `
<Fragment>
  <nav
    className="nav"
  >
    <ul>
      <a
        key="active"
        onClick={[Function]}
      >
        all
         
        <small>
          (
          6
          )
        </small>
        <Icon
          icon="chevronDown"
          size={8}
        />
      </a>
      <li>
        <a
          className="active"
          key="All"
          onClick={[Function]}
        >
          global:all
           (
          6
          )
        </a>
        <a
          className=""
          key="Sent"
          onClick={[Function]}
        >
          sent
           (
          2
          )
        </a>
        <a
          className=""
          key="Received"
          onClick={[Function]}
        >
          received
           (
          1
          )
        </a>
        <a
          className=""
          key="Pending"
          onClick={[Function]}
        >
          pending
           (
          3
          )
        </a>
        <div>
          <a
            className="checkbox off"
            onClick={[Function]}
          >
            history:hideZeroBalance
          </a>
        </div>
      </li>
    </ul>
    <div
      className="search"
    >
      <input
        className={null}
        onChange={[Function]}
        placeholder="history:typeHelp"
        value=""
      />
      <div
        onClick={[Function]}
      >
        <Icon
          icon="search"
          size={20}
        />
      </div>
    </div>
    <a
      className="refresh"
      onClick={[Function]}
    >
      <Icon
        icon="sync"
        size={24}
      />
    </a>
  </nav>
  <hr />
  <div
    className="list"
  >
    <Scrollbar>
      <a
        className="confirmed sent"
        key="0"
        onClick={[Function]}
      >
        <div>
          <Icon
            icon="minus"
            size={14}
          />
          <span>
            DD/MM/YYYY
          </span>
          <span>
            sent
          </span>
          <span>
            0 i
          </span>
        </div>
      </a>
      <a
        className="pending received"
        key="1"
        onClick={[Function]}
      >
        <div>
          <Icon
            icon="plus"
            size={14}
          />
          <span>
            DD/MM/YYYY
          </span>
          <span>
            receiving
          </span>
          <span>
            +
            500 Ki
          </span>
        </div>
      </a>
      <a
        className="confirmed received"
        key="2"
        onClick={[Function]}
      >
        <div>
          <Icon
            icon="plus"
            size={14}
          />
          <span>
            DD/MM/YYYY
          </span>
          <span>
            received
          </span>
          <span>
            +
            500 Ki
          </span>
        </div>
      </a>
      <a
        className="confirmed sent"
        key="3"
        onClick={[Function]}
      >
        <div>
          <Icon
            icon="minus"
            size={14}
          />
          <span>
            DD/MM/YYYY
          </span>
          <span>
            sent
          </span>
          <span>
            0 i
          </span>
        </div>
      </a>
      <a
        className="pending sent"
        key="4"
        onClick={[Function]}
      >
        <div>
          <Icon
            icon="minus"
            size={14}
          />
          <span>
            DD/MM/YYYY
          </span>
          <span>
            sending
          </span>
          <span>
            -
            100 Ki
          </span>
        </div>
      </a>
      <a
        className="pending sent"
        key="5"
        onClick={[Function]}
      >
        <div>
          <Icon
            icon="minus"
            size={14}
          />
          <span>
            DD/MM/YYYY
          </span>
          <span>
            sending
          </span>
          <span>
            -
            100 Ki
          </span>
        </div>
      </a>
    </Scrollbar>
  </div>
  <div
    className="popup"
    onClick={[Function]}
  >
    <div />
  </div>
</Fragment>
`;
